// Jest Snapshot v1, https://goo.gl/fbAQLP

exports[`renders correctly 1`] = `
<span
  className="wavetext"
>
  <span>
    Y
  </span>
  <span>
    o
  </span>
  <span>
    u
  </span>
  <span>
     
  </span>
  <span>
    h
  </span>
  <span>
    a
  </span>
  <span>
    v
  </span>
  <span>
    e
  </span>
  <span>
     
  </span>
  <span>
    b
  </span>
  <span>
    e
  </span>
  <span>
    e
  </span>
  <span>
    n
  </span>
  <span>
     
  </span>
  <span>
    J
  </span>
  <span>
    o
  </span>
  <span>
    s
  </span>
  <span>
    h
  </span>
  <span>
    e
  </span>
  <span>
    l
  </span>
  <span>
    l
  </span>
  <span>
    e
  </span>
  <span>
    i
  </span>
  <span>
    n
  </span>
  <span>
    g
  </span>
  <span>
     
  </span>
  <span>
    f
  </span>
  <span>
    o
  </span>
  <span>
    r
  </span>
  <span>
     
  </span>
  <span>
    1
  </span>
  <span>
     
  </span>
  <span>
    s
  </span>
  <span>
    e
  </span>
  <span>
    c
  </span>
  <span>
    o
  </span>
  <span>
    n
  </span>
  <span>
    d
  </span>
  <span>
    s
  </span>
  <span>
    !
  </span>
</span>
`;
